============================================================================================== 
Warning! Mixing Conda and module environments may lead to corruption of the
user environment. 
We do not recommend users mixing those two environments unless absolutely
necessary. Note that 
SURF does not provide any support for Conda environment.
For more information, please refer to our software policy page:
https://servicedesk.surf.nl/wiki/display/WIKI/Software+policy+Snellius#SoftwarepolicySnellius-UseofAnacondaandMinicondaenvironmentsonSnellius 

Remember that many packages have already been installed on the system and can
be loaded using 
the 'module load <package__name>' command. If you are uncertain if a package is
already available 
on the system, please use 'module avail' or 'module spider' to search for it.
============================================================================================== 
Requirement already satisfied: opencv-python in /home/scur1051/.conda/envs/ai4mi/lib/python3.11/site-packages (4.12.0.88)
Requirement already satisfied: numpy<2.3.0,>=2 in /home/scur1051/.conda/envs/ai4mi/lib/python3.11/site-packages (from opencv-python) (2.2.6)
Copying validation set from data/SEGTHOR_CLEAN/val -> data/SEGTHOR_CLEAN_AUG/val

JOB STATISTICS
==============
Job ID: 15106225
Cluster: snellius
User/Group: scur1051/scur1051
State: RUNNING
Nodes: 1
Cores per node: 18
CPU Utilized: 00:00:00
CPU Efficiency: 0.00% of 00:37:12 core-walltime
Job Wall-clock time: 00:02:04
Memory Utilized: 0.00 MB
Memory Efficiency: 0.00% of 120.00 GB (120.00 GB/node)
WARNING: Efficiency statistics can only be obtained after the job has ended as seff tool is based on the accounting database data.
