============================================================================================== 
Warning! Mixing Conda and module environments may lead to corruption of the
user environment. 
We do not recommend users mixing those two environments unless absolutely
necessary. Note that 
SURF does not provide any support for Conda environment.
For more information, please refer to our software policy page:
https://servicedesk.surf.nl/wiki/display/WIKI/Software+policy+Snellius#SoftwarepolicySnellius-UseofAnacondaandMinicondaenvironmentsonSnellius 

Remember that many packages have already been installed on the system and can
be loaded using 
the 'module load <package__name>' command. If you are uncertain if a package is
already available 
on the system, please use 'module avail' or 'module spider' to search for it.
============================================================================================== 
Running stitching for model: segthor_aug
Namespace(data_folder=PosixPath('results/segthor_aug/best_epoch/val'), dest_folder=PosixPath('results/segthor_aug/stitched_pred'), num_classes=5, grp_regex='(Patient_\\d\\d)_\\d\\d\\d\\d', source_scan_pattern='data/segthor_train/train/{id_}/GT.nii.gz')
Stitching data from results/segthor_aug/best_epoch/val -> results/segthor_aug/stitched_pred
Found 10 patient groups
Patient Patient_22: 181 slices to process.
Saved mask for Patient_22 at results/segthor_aug/stitched_pred/Patient_22.nii.gz
Patient Patient_01: 229 slices to process.
Saved mask for Patient_01 at results/segthor_aug/stitched_pred/Patient_01.nii.gz
Patient Patient_02: 246 slices to process.
Saved mask for Patient_02 at results/segthor_aug/stitched_pred/Patient_02.nii.gz
Patient Patient_39: 228 slices to process.
Saved mask for Patient_39 at results/segthor_aug/stitched_pred/Patient_39.nii.gz
Patient Patient_13: 228 slices to process.
Saved mask for Patient_13 at results/segthor_aug/stitched_pred/Patient_13.nii.gz
Patient Patient_28: 179 slices to process.
Saved mask for Patient_28 at results/segthor_aug/stitched_pred/Patient_28.nii.gz
Patient Patient_21: 158 slices to process.
Saved mask for Patient_21 at results/segthor_aug/stitched_pred/Patient_21.nii.gz
Patient Patient_16: 166 slices to process.
Saved mask for Patient_16 at results/segthor_aug/stitched_pred/Patient_16.nii.gz
Patient Patient_35: 181 slices to process.
Saved mask for Patient_35 at results/segthor_aug/stitched_pred/Patient_35.nii.gz
Patient Patient_30: 171 slices to process.
Saved mask for Patient_30 at results/segthor_aug/stitched_pred/Patient_30.nii.gz
Stitching complete for segthor_aug

JOB STATISTICS
==============
Job ID: 15106280
Cluster: snellius
User/Group: scur1051/scur1051
State: RUNNING
Nodes: 1
Cores per node: 18
CPU Utilized: 00:00:00
CPU Efficiency: 0.00% of 00:07:48 core-walltime
Job Wall-clock time: 00:00:26
Memory Utilized: 0.00 MB
Memory Efficiency: 0.00% of 120.00 GB (120.00 GB/node)
WARNING: Efficiency statistics can only be obtained after the job has ended as seff tool is based on the accounting database data.
