============================================================================================== 
Warning! Mixing Conda and module environments may lead to corruption of the
user environment. 
We do not recommend users mixing those two environments unless absolutely
necessary. Note that 
SURF does not provide any support for Conda environment.
For more information, please refer to our software policy page:
https://servicedesk.surf.nl/wiki/display/WIKI/Software+policy+Snellius#SoftwarepolicySnellius-UseofAnacondaandMinicondaenvironmentsonSnellius 

Remember that many packages have already been installed on the system and can
be loaded using 
the 'module load <package__name>' command. If you are uncertain if a package is
already available 
on the system, please use 'module avail' or 'module spider' to search for it.
============================================================================================== 
Namespace(metric_file=PosixPath('results/segthor_baseline/dice_val.npy'), dest=PosixPath('results/segthor_baseline/plots/dice_val.png'), headless=True)
Namespace(metric_file=PosixPath('results/segthor_baseline/dice_tra.npy'), dest=PosixPath('results/segthor_baseline/plots/dice_train.png'), headless=True)
Namespace(metric_file=PosixPath('results/segthor_baseline/loss_val.npy'), dest=PosixPath('results/segthor_baseline/plots/loss_val.png'), headless=True)
Namespace(metric_file=PosixPath('results/segthor_baseline/loss_tra.npy'), dest=PosixPath('results/segthor_baseline/plots/loss_train.png'), headless=True)

JOB STATISTICS
==============
Job ID: 15102289
Cluster: snellius
User/Group: scur1628/scur1628
State: COMPLETED (exit code 0)
Nodes: 1
Cores per node: 18
CPU Utilized: 00:00:11
CPU Efficiency: 5.09% of 00:03:36 core-walltime
Job Wall-clock time: 00:00:12
Memory Utilized: 3.70 MB
Memory Efficiency: 0.00% of 120.00 GB (120.00 GB/node)
