PROJECT      : /home/scur1628/ai4mi_project_group8
MODE         : morph
PRED_IN      : /home/scur1628/ai4mi_project_group8/data/seghtor_predictions_3/pred
PRED_POST    : /home/scur1628/ai4mi_project_group8/data/seghtor_predictions_3/pred_post_morph
GT_DIR       : /home/scur1628/ai4mi_project_group8/data/seghtor_predictions_3/gt
GT_SOURCE    : /home/scur1628/ai4mi_project_group8/data/segthor_fixed/train
METRICS_OUT  : /home/scur1628/ai4mi_project_group8/results/experiment_morph_seed3/metrics_post_morph
==> Post-processing predictions (morph)
Found 10 volumes in /home/scur1628/ai4mi_project_group8/data/seghtor_predictions_3/pred
Running mode: morph
Processing Patient_01.nii.gz
 Saved cleaned volume to: /home/scur1628/ai4mi_project_group8/data/seghtor_predictions_3/pred_post_morph/Patient_01.nii.gz
Processing Patient_02.nii.gz
 Saved cleaned volume to: /home/scur1628/ai4mi_project_group8/data/seghtor_predictions_3/pred_post_morph/Patient_02.nii.gz
Processing Patient_13.nii.gz
 Saved cleaned volume to: /home/scur1628/ai4mi_project_group8/data/seghtor_predictions_3/pred_post_morph/Patient_13.nii.gz
Processing Patient_16.nii.gz
 Saved cleaned volume to: /home/scur1628/ai4mi_project_group8/data/seghtor_predictions_3/pred_post_morph/Patient_16.nii.gz
Processing Patient_21.nii.gz
 Saved cleaned volume to: /home/scur1628/ai4mi_project_group8/data/seghtor_predictions_3/pred_post_morph/Patient_21.nii.gz
Processing Patient_22.nii.gz
 Saved cleaned volume to: /home/scur1628/ai4mi_project_group8/data/seghtor_predictions_3/pred_post_morph/Patient_22.nii.gz
Processing Patient_28.nii.gz
 Saved cleaned volume to: /home/scur1628/ai4mi_project_group8/data/seghtor_predictions_3/pred_post_morph/Patient_28.nii.gz
Processing Patient_30.nii.gz
 Saved cleaned volume to: /home/scur1628/ai4mi_project_group8/data/seghtor_predictions_3/pred_post_morph/Patient_30.nii.gz
Processing Patient_35.nii.gz
 Saved cleaned volume to: /home/scur1628/ai4mi_project_group8/data/seghtor_predictions_3/pred_post_morph/Patient_35.nii.gz
Processing Patient_39.nii.gz
 Saved cleaned volume to: /home/scur1628/ai4mi_project_group8/data/seghtor_predictions_3/pred_post_morph/Patient_39.nii.gz

 Done! Post-processed volumes saved in: /home/scur1628/ai4mi_project_group8/data/seghtor_predictions_3/pred_post_morph
==> Preparing GT subset
Copied 10 GT volumes into /home/scur1628/ai4mi_project_group8/data/seghtor_predictions_3/gt
==> Computing metrics (morph)
{'background_class': 0,
 'chill': False,
 'cpu': False,
 'crop': False,
 'ignored_classes': None,
 'metrics': ['3d_dice', '3d_hd95', '3d_hd', '3d_assd', '3d_nsd', '3d_jaccard'],
 'num_classes': 5,
 'num_workers': 9,
 'overwrite': True,
 'pred_extension': '.nii.gz',
 'pred_folder': PosixPath('/home/scur1628/ai4mi_project_group8/data/seghtor_predictions_3/pred_post_morph'),
 'ref_extension': '.nii.gz',
 'ref_folder': PosixPath('/home/scur1628/ai4mi_project_group8/data/seghtor_predictions_3/gt'),
 'save_folder': PosixPath('/home/scur1628/ai4mi_project_group8/results/experiment_morph_seed3/metrics_post_morph')}
[34m>>> Initializing Volume dataset with 10 volumes[39m[49m
>>  /home/scur1628/ai4mi_project_group8/data/seghtor_predictions_3/gt, /home/scur1628/ai4mi_project_group8/data/seghtor_predictions_3/pred_post_morph
[32m> All stems found in both folders[39m[49m
>>> /home/scur1628/ai4mi_project_group8/data/seghtor_predictions_3/pred_post_morph
3d_dice [0.99824554 0.48524886 0.8274689  0.74701947 0.7927755 ]
3d_hd95 [ 1.8876007 13.761531  13.303055   8.745085  15.275339 ]
3d_hd [43.853783 27.433594 22.283007 59.759697 75.64976 ]
3d_assd [0.3539757 4.065671  5.333024  2.4725769 3.6958485]
3d_nsd [0.9483501  0.37604603 0.31222194 0.6005144  0.5051943 ]
3d_jaccard [0.99650097 0.33429807 0.7298471  0.60575306 0.6681441 ]
==> Done. Metrics saved in: /home/scur1628/ai4mi_project_group8/results/experiment_morph_seed3/metrics_post_morph
