PROJECT      : /home/scur1628/ai4mi_project_group8
MODE         : lcc+morph
PRED_IN      : /home/scur1628/ai4mi_project_group8/data/seghtor_predictions_2/pred
PRED_POST    : /home/scur1628/ai4mi_project_group8/data/seghtor_predictions_2/pred_post_lcc+morph
GT_DIR       : /home/scur1628/ai4mi_project_group8/data/seghtor_predictions_2/gt
GT_SOURCE    : /home/scur1628/ai4mi_project_group8/data/segthor_fixed/train
METRICS_OUT  : /home/scur1628/ai4mi_project_group8/results/experiment_lcc+morph_seed2/metrics_post_lcc+morph
==> Post-processing predictions (lcc+morph)
Found 10 volumes in /home/scur1628/ai4mi_project_group8/data/seghtor_predictions_2/pred
Running mode: lcc+morph
Processing Patient_01.nii.gz
 Saved cleaned volume to: /home/scur1628/ai4mi_project_group8/data/seghtor_predictions_2/pred_post_lcc+morph/Patient_01.nii.gz
Processing Patient_02.nii.gz
 Saved cleaned volume to: /home/scur1628/ai4mi_project_group8/data/seghtor_predictions_2/pred_post_lcc+morph/Patient_02.nii.gz
Processing Patient_13.nii.gz
 Saved cleaned volume to: /home/scur1628/ai4mi_project_group8/data/seghtor_predictions_2/pred_post_lcc+morph/Patient_13.nii.gz
Processing Patient_16.nii.gz
 Saved cleaned volume to: /home/scur1628/ai4mi_project_group8/data/seghtor_predictions_2/pred_post_lcc+morph/Patient_16.nii.gz
Processing Patient_21.nii.gz
 Saved cleaned volume to: /home/scur1628/ai4mi_project_group8/data/seghtor_predictions_2/pred_post_lcc+morph/Patient_21.nii.gz
Processing Patient_22.nii.gz
 Saved cleaned volume to: /home/scur1628/ai4mi_project_group8/data/seghtor_predictions_2/pred_post_lcc+morph/Patient_22.nii.gz
Processing Patient_28.nii.gz
 Saved cleaned volume to: /home/scur1628/ai4mi_project_group8/data/seghtor_predictions_2/pred_post_lcc+morph/Patient_28.nii.gz
Processing Patient_30.nii.gz
 Saved cleaned volume to: /home/scur1628/ai4mi_project_group8/data/seghtor_predictions_2/pred_post_lcc+morph/Patient_30.nii.gz
Processing Patient_35.nii.gz
 Saved cleaned volume to: /home/scur1628/ai4mi_project_group8/data/seghtor_predictions_2/pred_post_lcc+morph/Patient_35.nii.gz
Processing Patient_39.nii.gz
 Saved cleaned volume to: /home/scur1628/ai4mi_project_group8/data/seghtor_predictions_2/pred_post_lcc+morph/Patient_39.nii.gz

 Done! Post-processed volumes saved in: /home/scur1628/ai4mi_project_group8/data/seghtor_predictions_2/pred_post_lcc+morph
==> Preparing GT subset
Copied 10 GT volumes into /home/scur1628/ai4mi_project_group8/data/seghtor_predictions_2/gt
==> Computing metrics (lcc+morph)
{'background_class': 0,
 'chill': False,
 'cpu': False,
 'crop': False,
 'ignored_classes': None,
 'metrics': ['3d_dice', '3d_hd95', '3d_hd', '3d_assd', '3d_nsd', '3d_jaccard'],
 'num_classes': 5,
 'num_workers': 9,
 'overwrite': True,
 'pred_extension': '.nii.gz',
 'pred_folder': PosixPath('/home/scur1628/ai4mi_project_group8/data/seghtor_predictions_2/pred_post_lcc+morph'),
 'ref_extension': '.nii.gz',
 'ref_folder': PosixPath('/home/scur1628/ai4mi_project_group8/data/seghtor_predictions_2/gt'),
 'save_folder': PosixPath('/home/scur1628/ai4mi_project_group8/results/experiment_lcc+morph_seed2/metrics_post_lcc+morph')}
[34m>>> Initializing Volume dataset with 10 volumes[39m[49m
>>  /home/scur1628/ai4mi_project_group8/data/seghtor_predictions_2/gt, /home/scur1628/ai4mi_project_group8/data/seghtor_predictions_2/pred_post_lcc+morph
[32m> All stems found in both folders[39m[49m
>>> /home/scur1628/ai4mi_project_group8/data/seghtor_predictions_2/pred_post_lcc+morph
3d_dice [0.9982173  0.39830518 0.83819455 0.7825209  0.7595528 ]
3d_hd95 [ 1.9885756 40.95925   14.7280445 10.6935215 19.172564 ]
3d_hd [34.019016 85.35008  24.136463 28.41705  45.467457]
3d_assd [ 0.3757102 19.311071   5.006112   2.9723716  5.3859715]
3d_nsd [0.9486535  0.30798775 0.3199846  0.67188984 0.46973196]
3d_jaccard [0.9964449  0.26148373 0.7367972  0.6553583  0.62799865]
==> Done. Metrics saved in: /home/scur1628/ai4mi_project_group8/results/experiment_lcc+morph_seed2/metrics_post_lcc+morph
