PROJECT      : /home/scur1628/ai4mi_project_group8
MODE         : morph
PRED_IN      : /home/scur1628/ai4mi_project_group8/data/seghtor_predictions_1/pred
PRED_POST    : /home/scur1628/ai4mi_project_group8/data/seghtor_predictions_1/pred_post_morph
GT_DIR       : /home/scur1628/ai4mi_project_group8/data/seghtor_predictions_1/gt
GT_SOURCE    : /home/scur1628/ai4mi_project_group8/data/segthor_fixed/train
METRICS_OUT  : /home/scur1628/ai4mi_project_group8/results/experiment_morph_seed1/metrics_post_morph
==> Post-processing predictions (morph)
Found 10 volumes in /home/scur1628/ai4mi_project_group8/data/seghtor_predictions_1/pred
Running mode: morph
Processing Patient_01.nii.gz
 Saved cleaned volume to: /home/scur1628/ai4mi_project_group8/data/seghtor_predictions_1/pred_post_morph/Patient_01.nii.gz
Processing Patient_02.nii.gz
 Saved cleaned volume to: /home/scur1628/ai4mi_project_group8/data/seghtor_predictions_1/pred_post_morph/Patient_02.nii.gz
Processing Patient_13.nii.gz
 Saved cleaned volume to: /home/scur1628/ai4mi_project_group8/data/seghtor_predictions_1/pred_post_morph/Patient_13.nii.gz
Processing Patient_16.nii.gz
 Saved cleaned volume to: /home/scur1628/ai4mi_project_group8/data/seghtor_predictions_1/pred_post_morph/Patient_16.nii.gz
Processing Patient_21.nii.gz
 Saved cleaned volume to: /home/scur1628/ai4mi_project_group8/data/seghtor_predictions_1/pred_post_morph/Patient_21.nii.gz
Processing Patient_22.nii.gz
 Saved cleaned volume to: /home/scur1628/ai4mi_project_group8/data/seghtor_predictions_1/pred_post_morph/Patient_22.nii.gz
Processing Patient_28.nii.gz
 Saved cleaned volume to: /home/scur1628/ai4mi_project_group8/data/seghtor_predictions_1/pred_post_morph/Patient_28.nii.gz
Processing Patient_30.nii.gz
 Saved cleaned volume to: /home/scur1628/ai4mi_project_group8/data/seghtor_predictions_1/pred_post_morph/Patient_30.nii.gz
Processing Patient_35.nii.gz
 Saved cleaned volume to: /home/scur1628/ai4mi_project_group8/data/seghtor_predictions_1/pred_post_morph/Patient_35.nii.gz
Processing Patient_39.nii.gz
 Saved cleaned volume to: /home/scur1628/ai4mi_project_group8/data/seghtor_predictions_1/pred_post_morph/Patient_39.nii.gz

 Done! Post-processed volumes saved in: /home/scur1628/ai4mi_project_group8/data/seghtor_predictions_1/pred_post_morph
==> Preparing GT subset
Copied 10 GT volumes into /home/scur1628/ai4mi_project_group8/data/seghtor_predictions_1/gt
==> Computing metrics (morph)
{'background_class': 0,
 'chill': False,
 'cpu': False,
 'crop': False,
 'ignored_classes': None,
 'metrics': ['3d_dice', '3d_hd95', '3d_hd', '3d_assd', '3d_nsd', '3d_jaccard'],
 'num_classes': 5,
 'num_workers': 9,
 'overwrite': True,
 'pred_extension': '.nii.gz',
 'pred_folder': PosixPath('/home/scur1628/ai4mi_project_group8/data/seghtor_predictions_1/pred_post_morph'),
 'ref_extension': '.nii.gz',
 'ref_folder': PosixPath('/home/scur1628/ai4mi_project_group8/data/seghtor_predictions_1/gt'),
 'save_folder': PosixPath('/home/scur1628/ai4mi_project_group8/results/experiment_morph_seed1/metrics_post_morph')}
[34m>>> Initializing Volume dataset with 10 volumes[39m[49m
>>  /home/scur1628/ai4mi_project_group8/data/seghtor_predictions_1/gt, /home/scur1628/ai4mi_project_group8/data/seghtor_predictions_1/pred_post_morph
[32m> All stems found in both folders[39m[49m
>>> /home/scur1628/ai4mi_project_group8/data/seghtor_predictions_1/pred_post_morph
3d_dice [0.9983285  0.36841908 0.8570263  0.7576436  0.7718533 ]
3d_hd95 [ 1.9961421 15.75119   16.332285   9.952314  11.575436 ]
3d_hd [34.04987  34.689625 32.002674 51.070778 29.807886]
3d_assd [0.34279642 6.762957   4.745993   2.8617356  3.1415672 ]
3d_nsd [0.9500416  0.3027637  0.33678263 0.6320599  0.4912935 ]
3d_jaccard [0.9966671  0.23977287 0.76791364 0.6213594  0.64454937]
==> Done. Metrics saved in: /home/scur1628/ai4mi_project_group8/results/experiment_morph_seed1/metrics_post_morph
