============================================================================================== 
Warning! Mixing Conda and module environments may lead to corruption of the
user environment. 
We do not recommend users mixing those two environments unless absolutely
necessary. Note that 
SURF does not provide any support for Conda environment.
For more information, please refer to our software policy page:
https://servicedesk.surf.nl/wiki/display/WIKI/Software+policy+Snellius#SoftwarepolicySnellius-UseofAnacondaandMinicondaenvironmentsonSnellius 

Remember that many packages have already been installed on the system and can
be loaded using 
the 'module load <package__name>' command. If you are uncertain if a package is
already available 
on the system, please use 'module avail' or 'module spider' to search for it.
============================================================================================== 
=== Starting Full Pipeline ===
Base experiment: experiment_attention20251005_195912
Seeds: 1
=== Processing Seed: 1 ===
Results directory: /home/scur1049/ai4mi_project_group8/results/experiment_attention20251005_195912_seed1
Predictions directory: /home/scur1049/ai4mi_project_group8/data/seghtor_predictions_1_attention
=== Step 1: Training Model (Seed 1) ===
wandb: Appending key for api.wandb.ai to your netrc file: /home/scur1049/.netrc
wandb: Currently logged in as: iwo-godzwon (iwo-godzwon-university-of-amsterdam) to https://api.wandb.ai. Use `wandb login --relogin` to force relogin
Traceback (most recent call last):
  File "/gpfs/home3/scur1049/ai4mi_project_group8/main.py", line 50, in <module>
    from ENet import ENet
  File "/gpfs/home3/scur1049/ai4mi_project_group8/ENet.py", line 74
    self.sr = nn.Conv2d(dim, dim, kernel_size=sr_ratio, stride=sr_ratio, groups=dim)
    ^
IndentationError: expected an indented block after 'if' statement on line 72
ERROR: Training failed for seed 1!
=== All Seeds Pipeline Completed! ===
All results saved in: 
Individual seed results:
  - Seed 1: /seed_1

JOB STATISTICS
==============
Job ID: 15117958
Cluster: snellius
User/Group: scur1049/scur1049
State: RUNNING
Nodes: 1
Cores per node: 18
CPU Utilized: 00:00:00
CPU Efficiency: 0.00% of 00:06:54 core-walltime
Job Wall-clock time: 00:00:23
Memory Utilized: 0.00 MB
Memory Efficiency: 0.00% of 64.00 GB (64.00 GB/node)
WARNING: Efficiency statistics can only be obtained after the job has ended as seff tool is based on the accounting database data.
