============================================================================================== 
Warning! Mixing Conda and module environments may lead to corruption of the
user environment. 
We do not recommend users mixing those two environments unless absolutely
necessary. Note that 
SURF does not provide any support for Conda environment.
For more information, please refer to our software policy page:
https://servicedesk.surf.nl/wiki/display/WIKI/Software+policy+Snellius#SoftwarepolicySnellius-UseofAnacondaandMinicondaenvironmentsonSnellius 

Remember that many packages have already been installed on the system and can
be loaded using 
the 'module load <package__name>' command. If you are uncertain if a package is
already available 
on the system, please use 'module avail' or 'module spider' to search for it.
============================================================================================== 
============================================================================================== 
Warning! Mixing Conda and module environments may lead to corruption of the
user environment. 
We do not recommend users mixing those two environments unless absolutely
necessary. Note that 
SURF does not provide any support for Conda environment.
For more information, please refer to our software policy page:
https://servicedesk.surf.nl/wiki/display/WIKI/Software+policy+Snellius#SoftwarepolicySnellius-UseofAnacondaandMinicondaenvironmentsonSnellius 

Remember that many packages have already been installed on the system and can
be loaded using 
the 'module load <package__name>' command. If you are uncertain if a package is
already available 
on the system, please use 'module avail' or 'module spider' to search for it.
============================================================================================== 
=== Starting Full Pipeline ===
Base experiment: experiment_attention_enc_dec20251005_221504
Seeds: 2
=== Processing Seed: 2 ===
Results directory: /home/scur1049/ai4mi_project_group8/results/experiment_attention_enc_dec20251005_221504_seed2
Predictions directory: /home/scur1049/ai4mi_project_group8/data/seghtor_predictions_2_attention_enc_dec
=== Step 1: Training Model (Seed 2) ===
=== Starting Full Pipeline ===
Base experiment: experiment_attention_enc_dec20251005_221505
Seeds: 1
=== Processing Seed: 1 ===
Results directory: /home/scur1049/ai4mi_project_group8/results/experiment_attention_enc_dec20251005_221505_seed1
Predictions directory: /home/scur1049/ai4mi_project_group8/data/seghtor_predictions_1_attention_enc_dec
=== Step 1: Training Model (Seed 1) ===
[2025-10-05T22:15:10.940] error: *** JOB 15119781 ON gcn15 CANCELLED AT 2025-10-05T22:15:10 DUE to SIGNAL Terminated ***
[2025-10-05T22:15:10.942] error: *** JOB 15119782 ON gcn6 CANCELLED AT 2025-10-05T22:15:10 DUE to SIGNAL Terminated ***

JOB STATISTICS
==============
Job ID: 15119781
Cluster: snellius
User/Group: scur1049/scur1049
State: CANCELLED (exit code 0)
Nodes: 1
Cores per node: 18
CPU Utilized: 00:00:01
CPU Efficiency: 0.33% of 00:05:06 core-walltime
Job Wall-clock time: 00:00:17
Memory Utilized: 7.81 MB
Memory Efficiency: 0.01% of 64.00 GB (64.00 GB/node)

JOB STATISTICS
==============
Job ID: 15119782
Cluster: snellius
User/Group: scur1049/scur1049
State: CANCELLED (exit code 0)
Nodes: 1
Cores per node: 18
CPU Utilized: 00:00:01
CPU Efficiency: 0.33% of 00:05:06 core-walltime
Job Wall-clock time: 00:00:17
Memory Utilized: 3.81 MB
Memory Efficiency: 0.01% of 64.00 GB (64.00 GB/node)
