============================================================================================== 
Warning! Mixing Conda and module environments may lead to corruption of the
user environment. 
We do not recommend users mixing those two environments unless absolutely
necessary. Note that 
SURF does not provide any support for Conda environment.
For more information, please refer to our software policy page:
https://servicedesk.surf.nl/wiki/display/WIKI/Software+policy+Snellius#SoftwarepolicySnellius-UseofAnacondaandMinicondaenvironmentsonSnellius 

Remember that many packages have already been installed on the system and can
be loaded using 
the 'module load <package__name>' command. If you are uncertain if a package is
already available 
on the system, please use 'module avail' or 'module spider' to search for it.
============================================================================================== 
Retrieving notices: ...working... DEBUG:urllib3.connectionpool:Starting new HTTPS connection (1): repo.anaconda.com:443
DEBUG:urllib3.connectionpool:Starting new HTTPS connection (1): repo.anaconda.com:443
DEBUG:urllib3.connectionpool:https://repo.anaconda.com:443 "GET /pkgs/main/notices.json HTTP/1.1" 404 None
DEBUG:urllib3.connectionpool:https://repo.anaconda.com:443 "GET /pkgs/r/notices.json HTTP/1.1" 404 None
done
Collecting package metadata (current_repodata.json): ...working... DEBUG:urllib3.connectionpool:Starting new HTTPS connection (1): repo.anaconda.com:443
DEBUG:urllib3.connectionpool:Starting new HTTPS connection (1): repo.anaconda.com:443
DEBUG:urllib3.connectionpool:Starting new HTTPS connection (1): repo.anaconda.com:443
DEBUG:urllib3.connectionpool:Starting new HTTPS connection (1): repo.anaconda.com:443
DEBUG:urllib3.connectionpool:https://repo.anaconda.com:443 "GET /pkgs/main/noarch/current_repodata.json HTTP/1.1" 200 None
DEBUG:urllib3.connectionpool:https://repo.anaconda.com:443 "GET /pkgs/r/linux-64/current_repodata.json HTTP/1.1" 304 0
DEBUG:urllib3.connectionpool:https://repo.anaconda.com:443 "GET /pkgs/main/linux-64/current_repodata.json HTTP/1.1" 200 None
DEBUG:urllib3.connectionpool:https://repo.anaconda.com:443 "GET /pkgs/r/noarch/current_repodata.json HTTP/1.1" 304 0
done
Solving environment: ...working... done


==> WARNING: A newer version of conda exists. <==
  current version: 23.7.2
  latest version: 25.9.0

Please update conda by running

    $ conda update -n base -c defaults conda

Or to minimize the number of packages updated during conda update use

     conda install conda=25.9.0



## Package Plan ##

  environment location: /home/scur1049/.conda/envs/ai4mi_env

  added / updated specs:
    - python=3.11


The following NEW packages will be INSTALLED:

  _libgcc_mutex      pkgs/main/linux-64::_libgcc_mutex-0.1-main 
  _openmp_mutex      pkgs/main/linux-64::_openmp_mutex-5.1-1_gnu 
  bzip2              pkgs/main/linux-64::bzip2-1.0.8-h5eee18b_6 
  ca-certificates    pkgs/main/linux-64::ca-certificates-2025.9.9-h06a4308_0 
  expat              pkgs/main/linux-64::expat-2.7.1-h6a678d5_0 
  ld_impl_linux-64   pkgs/main/linux-64::ld_impl_linux-64-2.40-h12ee557_0 
  libffi             pkgs/main/linux-64::libffi-3.4.4-h6a678d5_1 
  libgcc-ng          pkgs/main/linux-64::libgcc-ng-11.2.0-h1234567_1 
  libgomp            pkgs/main/linux-64::libgomp-11.2.0-h1234567_1 
  libstdcxx-ng       pkgs/main/linux-64::libstdcxx-ng-11.2.0-h1234567_1 
  libuuid            pkgs/main/linux-64::libuuid-1.41.5-h5eee18b_0 
  libxcb             pkgs/main/linux-64::libxcb-1.17.0-h9b100fa_0 
  libzlib            pkgs/main/linux-64::libzlib-1.3.1-hb25bd0a_0 
  ncurses            pkgs/main/linux-64::ncurses-6.5-h7934f7d_0 
  openssl            pkgs/main/linux-64::openssl-3.0.17-h5eee18b_0 
  pip                pkgs/main/noarch::pip-25.2-pyhc872135_0 
  pthread-stubs      pkgs/main/linux-64::pthread-stubs-0.3-h0ce48e5_1 
  python             pkgs/main/linux-64::python-3.11.13-h1a3bd86_0 
  readline           pkgs/main/linux-64::readline-8.3-hc2a1206_0 
  setuptools         pkgs/main/linux-64::setuptools-78.1.1-py311h06a4308_0 
  sqlite             pkgs/main/linux-64::sqlite-3.50.2-hb25bd0a_1 
  tk                 pkgs/main/linux-64::tk-8.6.15-h54e0aa7_0 
  tzdata             pkgs/main/noarch::tzdata-2025b-h04d1e81_0 
  wheel              pkgs/main/linux-64::wheel-0.45.1-py311h06a4308_0 
  xorg-libx11        pkgs/main/linux-64::xorg-libx11-1.8.12-h9b100fa_1 
  xorg-libxau        pkgs/main/linux-64::xorg-libxau-1.0.12-h9b100fa_0 
  xorg-libxdmcp      pkgs/main/linux-64::xorg-libxdmcp-1.1.5-h9b100fa_0 
  xorg-xorgproto     pkgs/main/linux-64::xorg-xorgproto-2024.1-h5eee18b_1 
  xz                 pkgs/main/linux-64::xz-5.6.4-h5eee18b_1 
  zlib               pkgs/main/linux-64::zlib-1.3.1-hb25bd0a_0 



Downloading and Extracting Packages

Preparing transaction: ...working... done
Verifying transaction: ...working... done
Executing transaction: ...working... done
#
# To activate this environment, use
#
#     $ conda activate ai4mi_env
#
# To deactivate an active environment, use
#
#     $ conda deactivate

/home/scur1049/.conda/envs/ai4mi_env/bin/python
Python 3.11.13
Requirement already satisfied: torch in /home/scur1049/.local/lib/python3.11/site-packages (from -r requirements.txt (line 1)) (2.8.0)
Collecting numpy (from -r requirements.txt (line 2))
  Using cached numpy-2.3.3-cp311-cp311-manylinux_2_27_x86_64.manylinux_2_28_x86_64.whl.metadata (62 kB)
Requirement already satisfied: nibabel in /home/scur1049/.local/lib/python3.11/site-packages (from -r requirements.txt (line 3)) (5.3.2)
Requirement already satisfied: torchvision in /home/scur1049/.local/lib/python3.11/site-packages (from -r requirements.txt (line 4)) (0.23.0)
Collecting tqdm (from -r requirements.txt (line 5))
  Using cached tqdm-4.67.1-py3-none-any.whl.metadata (57 kB)
Collecting pillow (from -r requirements.txt (line 6))
  Using cached pillow-11.3.0-cp311-cp311-manylinux_2_27_x86_64.manylinux_2_28_x86_64.whl.metadata (9.0 kB)
Collecting scikit-image (from -r requirements.txt (line 7))
  Using cached scikit_image-0.25.2-cp311-cp311-manylinux_2_17_x86_64.manylinux2014_x86_64.whl.metadata (14 kB)
Collecting matplotlib (from -r requirements.txt (line 8))
  Using cached matplotlib-3.10.6-cp311-cp311-manylinux2014_x86_64.manylinux_2_17_x86_64.whl.metadata (11 kB)
Collecting filelock (from torch->-r requirements.txt (line 1))
  Using cached filelock-3.19.1-py3-none-any.whl.metadata (2.1 kB)
Requirement already satisfied: typing-extensions>=4.10.0 in /home/scur1049/.local/lib/python3.11/site-packages (from torch->-r requirements.txt (line 1)) (4.15.0)
Requirement already satisfied: sympy>=1.13.3 in /home/scur1049/.local/lib/python3.11/site-packages (from torch->-r requirements.txt (line 1)) (1.14.0)
Collecting networkx (from torch->-r requirements.txt (line 1))
  Using cached networkx-3.5-py3-none-any.whl.metadata (6.3 kB)
Collecting jinja2 (from torch->-r requirements.txt (line 1))
  Using cached jinja2-3.1.6-py3-none-any.whl.metadata (2.9 kB)
Collecting fsspec (from torch->-r requirements.txt (line 1))
  Using cached fsspec-2025.9.0-py3-none-any.whl.metadata (10 kB)
Requirement already satisfied: nvidia-cuda-nvrtc-cu12==12.8.93 in /home/scur1049/.local/lib/python3.11/site-packages (from torch->-r requirements.txt (line 1)) (12.8.93)
Requirement already satisfied: nvidia-cuda-runtime-cu12==12.8.90 in /home/scur1049/.local/lib/python3.11/site-packages (from torch->-r requirements.txt (line 1)) (12.8.90)
Requirement already satisfied: nvidia-cuda-cupti-cu12==12.8.90 in /home/scur1049/.local/lib/python3.11/site-packages (from torch->-r requirements.txt (line 1)) (12.8.90)
Requirement already satisfied: nvidia-cudnn-cu12==9.10.2.21 in /home/scur1049/.local/lib/python3.11/site-packages (from torch->-r requirements.txt (line 1)) (9.10.2.21)
Requirement already satisfied: nvidia-cublas-cu12==12.8.4.1 in /home/scur1049/.local/lib/python3.11/site-packages (from torch->-r requirements.txt (line 1)) (12.8.4.1)
Requirement already satisfied: nvidia-cufft-cu12==11.3.3.83 in /home/scur1049/.local/lib/python3.11/site-packages (from torch->-r requirements.txt (line 1)) (11.3.3.83)
Requirement already satisfied: nvidia-curand-cu12==10.3.9.90 in /home/scur1049/.local/lib/python3.11/site-packages (from torch->-r requirements.txt (line 1)) (10.3.9.90)
Requirement already satisfied: nvidia-cusolver-cu12==11.7.3.90 in /home/scur1049/.local/lib/python3.11/site-packages (from torch->-r requirements.txt (line 1)) (11.7.3.90)
Requirement already satisfied: nvidia-cusparse-cu12==12.5.8.93 in /home/scur1049/.local/lib/python3.11/site-packages (from torch->-r requirements.txt (line 1)) (12.5.8.93)
Requirement already satisfied: nvidia-cusparselt-cu12==0.7.1 in /home/scur1049/.local/lib/python3.11/site-packages (from torch->-r requirements.txt (line 1)) (0.7.1)
Requirement already satisfied: nvidia-nccl-cu12==2.27.3 in /home/scur1049/.local/lib/python3.11/site-packages (from torch->-r requirements.txt (line 1)) (2.27.3)
Requirement already satisfied: nvidia-nvtx-cu12==12.8.90 in /home/scur1049/.local/lib/python3.11/site-packages (from torch->-r requirements.txt (line 1)) (12.8.90)
Requirement already satisfied: nvidia-nvjitlink-cu12==12.8.93 in /home/scur1049/.local/lib/python3.11/site-packages (from torch->-r requirements.txt (line 1)) (12.8.93)
Requirement already satisfied: nvidia-cufile-cu12==1.13.1.3 in /home/scur1049/.local/lib/python3.11/site-packages (from torch->-r requirements.txt (line 1)) (1.13.1.3)
Requirement already satisfied: triton==3.4.0 in /home/scur1049/.local/lib/python3.11/site-packages (from torch->-r requirements.txt (line 1)) (3.4.0)
Requirement already satisfied: setuptools>=40.8.0 in /home/scur1049/.conda/envs/ai4mi_env/lib/python3.11/site-packages (from triton==3.4.0->torch->-r requirements.txt (line 1)) (78.1.1)
Requirement already satisfied: importlib-resources>=5.12 in /home/scur1049/.local/lib/python3.11/site-packages (from nibabel->-r requirements.txt (line 3)) (6.5.2)
Collecting packaging>=20 (from nibabel->-r requirements.txt (line 3))
  Using cached packaging-25.0-py3-none-any.whl.metadata (3.3 kB)
Collecting scipy>=1.11.4 (from scikit-image->-r requirements.txt (line 7))
  Using cached scipy-1.16.2-cp311-cp311-manylinux2014_x86_64.manylinux_2_17_x86_64.whl.metadata (62 kB)
Collecting imageio!=2.35.0,>=2.33 (from scikit-image->-r requirements.txt (line 7))
  Using cached imageio-2.37.0-py3-none-any.whl.metadata (5.2 kB)
Collecting tifffile>=2022.8.12 (from scikit-image->-r requirements.txt (line 7))
  Downloading tifffile-2025.9.30-py3-none-any.whl.metadata (30 kB)
Collecting lazy-loader>=0.4 (from scikit-image->-r requirements.txt (line 7))
  Using cached lazy_loader-0.4-py3-none-any.whl.metadata (7.6 kB)
Collecting contourpy>=1.0.1 (from matplotlib->-r requirements.txt (line 8))
  Using cached contourpy-1.3.3-cp311-cp311-manylinux_2_27_x86_64.manylinux_2_28_x86_64.whl.metadata (5.5 kB)
Collecting cycler>=0.10 (from matplotlib->-r requirements.txt (line 8))
  Using cached cycler-0.12.1-py3-none-any.whl.metadata (3.8 kB)
Collecting fonttools>=4.22.0 (from matplotlib->-r requirements.txt (line 8))
  Downloading fonttools-4.60.1-cp311-cp311-manylinux2014_x86_64.manylinux_2_17_x86_64.whl.metadata (112 kB)
Collecting kiwisolver>=1.3.1 (from matplotlib->-r requirements.txt (line 8))
  Using cached kiwisolver-1.4.9-cp311-cp311-manylinux2014_x86_64.manylinux_2_17_x86_64.whl.metadata (6.3 kB)
Collecting pyparsing>=2.3.1 (from matplotlib->-r requirements.txt (line 8))
  Using cached pyparsing-3.2.5-py3-none-any.whl.metadata (5.0 kB)
Collecting python-dateutil>=2.7 (from matplotlib->-r requirements.txt (line 8))
  Using cached python_dateutil-2.9.0.post0-py2.py3-none-any.whl.metadata (8.4 kB)
Collecting six>=1.5 (from python-dateutil>=2.7->matplotlib->-r requirements.txt (line 8))
  Using cached six-1.17.0-py2.py3-none-any.whl.metadata (1.7 kB)
Collecting mpmath<1.4,>=1.1.0 (from sympy>=1.13.3->torch->-r requirements.txt (line 1))
  Using cached mpmath-1.3.0-py3-none-any.whl.metadata (8.6 kB)
Collecting MarkupSafe>=2.0 (from jinja2->torch->-r requirements.txt (line 1))
  Downloading markupsafe-3.0.3-cp311-cp311-manylinux2014_x86_64.manylinux_2_17_x86_64.manylinux_2_28_x86_64.whl.metadata (2.7 kB)
Using cached numpy-2.3.3-cp311-cp311-manylinux_2_27_x86_64.manylinux_2_28_x86_64.whl (16.9 MB)
Using cached tqdm-4.67.1-py3-none-any.whl (78 kB)
Using cached pillow-11.3.0-cp311-cp311-manylinux_2_27_x86_64.manylinux_2_28_x86_64.whl (6.6 MB)
Using cached scikit_image-0.25.2-cp311-cp311-manylinux_2_17_x86_64.manylinux2014_x86_64.whl (14.8 MB)
Using cached matplotlib-3.10.6-cp311-cp311-manylinux2014_x86_64.manylinux_2_17_x86_64.whl (8.7 MB)
Using cached contourpy-1.3.3-cp311-cp311-manylinux_2_27_x86_64.manylinux_2_28_x86_64.whl (355 kB)
Using cached cycler-0.12.1-py3-none-any.whl (8.3 kB)
Downloading fonttools-4.60.1-cp311-cp311-manylinux2014_x86_64.manylinux_2_17_x86_64.whl (5.0 MB)
   ━━━━━━━━━━━━━━━━━━━━━━━━━━━━━━━━━━━━━━━━ 5.0/5.0 MB 141.7 MB/s  0:00:00
Using cached imageio-2.37.0-py3-none-any.whl (315 kB)
Using cached kiwisolver-1.4.9-cp311-cp311-manylinux2014_x86_64.manylinux_2_17_x86_64.whl (1.4 MB)
Using cached lazy_loader-0.4-py3-none-any.whl (12 kB)
Using cached networkx-3.5-py3-none-any.whl (2.0 MB)
Using cached packaging-25.0-py3-none-any.whl (66 kB)
Using cached pyparsing-3.2.5-py3-none-any.whl (113 kB)
Using cached python_dateutil-2.9.0.post0-py2.py3-none-any.whl (229 kB)
Using cached scipy-1.16.2-cp311-cp311-manylinux2014_x86_64.manylinux_2_17_x86_64.whl (35.9 MB)
Using cached six-1.17.0-py2.py3-none-any.whl (11 kB)
Using cached mpmath-1.3.0-py3-none-any.whl (536 kB)
Downloading tifffile-2025.9.30-py3-none-any.whl (230 kB)
Using cached filelock-3.19.1-py3-none-any.whl (15 kB)
Using cached fsspec-2025.9.0-py3-none-any.whl (199 kB)
Using cached jinja2-3.1.6-py3-none-any.whl (134 kB)
Downloading markupsafe-3.0.3-cp311-cp311-manylinux2014_x86_64.manylinux_2_17_x86_64.manylinux_2_28_x86_64.whl (22 kB)
Installing collected packages: mpmath, tqdm, six, pyparsing, pillow, packaging, numpy, networkx, MarkupSafe, kiwisolver, fsspec, fonttools, filelock, cycler, tifffile, scipy, python-dateutil, lazy-loader, jinja2, imageio, contourpy, scikit-image, matplotlib

Successfully installed MarkupSafe-3.0.3 contourpy-1.3.3 cycler-0.12.1 filelock-3.19.1 fonttools-4.60.1 fsspec-2025.9.0 imageio-2.37.0 jinja2-3.1.6 kiwisolver-1.4.9 lazy-loader-0.4 matplotlib-3.10.6 mpmath-1.3.0 networkx-3.5 numpy-2.3.3 packaging-25.0 pillow-11.3.0 pyparsing-3.2.5 python-dateutil-2.9.0.post0 scikit-image-0.25.2 scipy-1.16.2 six-1.17.0 tifffile-2025.9.30 tqdm-4.67.1
Job completed successfully.

JOB STATISTICS
==============
Job ID: 15069127
Cluster: snellius
User/Group: scur1049/scur1049
State: COMPLETED (exit code 0)
Nodes: 1
Cores per node: 9
CPU Utilized: 00:00:25
CPU Efficiency: 4.96% of 00:08:24 core-walltime
Job Wall-clock time: 00:00:56
Memory Utilized: 112.82 MB
Memory Efficiency: 0.18% of 60.00 GB (60.00 GB/node)
