============================================================================================== 
Warning! Mixing Conda and module environments may lead to corruption of the
user environment. 
We do not recommend users mixing those two environments unless absolutely
necessary. Note that 
SURF does not provide any support for Conda environment.
For more information, please refer to our software policy page:
https://servicedesk.surf.nl/wiki/display/WIKI/Software+policy+Snellius#SoftwarepolicySnellius-UseofAnacondaandMinicondaenvironmentsonSnellius 

Remember that many packages have already been installed on the system and can
be loaded using 
the 'module load <package__name>' command. If you are uncertain if a package is
already available 
on the system, please use 'module avail' or 'module spider' to search for it.
============================================================================================== 
Collecting git+https://github.com/jeromerony/distorch.git
  Cloning https://github.com/jeromerony/distorch.git to /gpfs/scratch1/nodespecific/gcn4/scur1007.15132082/pip-req-build-o9lpn7ya
  Running command git clone --filter=blob:none --quiet https://github.com/jeromerony/distorch.git /gpfs/scratch1/nodespecific/gcn4/scur1007.15132082/pip-req-build-o9lpn7ya
  Resolved https://github.com/jeromerony/distorch.git to commit 80f190cb46632b1f05dc1a608f6b368f89dbcea2
  Installing build dependencies: started
  Installing build dependencies: finished with status 'done'
  Getting requirements to build wheel: started
  Getting requirements to build wheel: finished with status 'done'
  Preparing metadata (pyproject.toml): started
  Preparing metadata (pyproject.toml): finished with status 'done'
Requirement already satisfied: torch>=2.0 in /home/scur1007/.conda/envs/ai4mi_env/lib/python3.11/site-packages (from distorch==0.1.2) (2.8.0)
Requirement already satisfied: filelock in /home/scur1007/.conda/envs/ai4mi_env/lib/python3.11/site-packages (from torch>=2.0->distorch==0.1.2) (3.19.1)
Requirement already satisfied: typing-extensions>=4.10.0 in /home/scur1007/.conda/envs/ai4mi_env/lib/python3.11/site-packages (from torch>=2.0->distorch==0.1.2) (4.15.0)
Requirement already satisfied: sympy>=1.13.3 in /home/scur1007/.conda/envs/ai4mi_env/lib/python3.11/site-packages (from torch>=2.0->distorch==0.1.2) (1.14.0)
Requirement already satisfied: networkx in /home/scur1007/.conda/envs/ai4mi_env/lib/python3.11/site-packages (from torch>=2.0->distorch==0.1.2) (3.5)
Requirement already satisfied: jinja2 in /home/scur1007/.conda/envs/ai4mi_env/lib/python3.11/site-packages (from torch>=2.0->distorch==0.1.2) (3.1.6)
Requirement already satisfied: fsspec in /home/scur1007/.conda/envs/ai4mi_env/lib/python3.11/site-packages (from torch>=2.0->distorch==0.1.2) (2025.9.0)
Requirement already satisfied: nvidia-cuda-nvrtc-cu12==12.8.93 in /home/scur1007/.conda/envs/ai4mi_env/lib/python3.11/site-packages (from torch>=2.0->distorch==0.1.2) (12.8.93)
Requirement already satisfied: nvidia-cuda-runtime-cu12==12.8.90 in /home/scur1007/.conda/envs/ai4mi_env/lib/python3.11/site-packages (from torch>=2.0->distorch==0.1.2) (12.8.90)
Requirement already satisfied: nvidia-cuda-cupti-cu12==12.8.90 in /home/scur1007/.conda/envs/ai4mi_env/lib/python3.11/site-packages (from torch>=2.0->distorch==0.1.2) (12.8.90)
Requirement already satisfied: nvidia-cudnn-cu12==9.10.2.21 in /home/scur1007/.conda/envs/ai4mi_env/lib/python3.11/site-packages (from torch>=2.0->distorch==0.1.2) (9.10.2.21)
Requirement already satisfied: nvidia-cublas-cu12==12.8.4.1 in /home/scur1007/.conda/envs/ai4mi_env/lib/python3.11/site-packages (from torch>=2.0->distorch==0.1.2) (12.8.4.1)
Requirement already satisfied: nvidia-cufft-cu12==11.3.3.83 in /home/scur1007/.conda/envs/ai4mi_env/lib/python3.11/site-packages (from torch>=2.0->distorch==0.1.2) (11.3.3.83)
Requirement already satisfied: nvidia-curand-cu12==10.3.9.90 in /home/scur1007/.conda/envs/ai4mi_env/lib/python3.11/site-packages (from torch>=2.0->distorch==0.1.2) (10.3.9.90)
Requirement already satisfied: nvidia-cusolver-cu12==11.7.3.90 in /home/scur1007/.conda/envs/ai4mi_env/lib/python3.11/site-packages (from torch>=2.0->distorch==0.1.2) (11.7.3.90)
Requirement already satisfied: nvidia-cusparse-cu12==12.5.8.93 in /home/scur1007/.conda/envs/ai4mi_env/lib/python3.11/site-packages (from torch>=2.0->distorch==0.1.2) (12.5.8.93)
Requirement already satisfied: nvidia-cusparselt-cu12==0.7.1 in /home/scur1007/.conda/envs/ai4mi_env/lib/python3.11/site-packages (from torch>=2.0->distorch==0.1.2) (0.7.1)
Requirement already satisfied: nvidia-nccl-cu12==2.27.3 in /home/scur1007/.conda/envs/ai4mi_env/lib/python3.11/site-packages (from torch>=2.0->distorch==0.1.2) (2.27.3)
Requirement already satisfied: nvidia-nvtx-cu12==12.8.90 in /home/scur1007/.conda/envs/ai4mi_env/lib/python3.11/site-packages (from torch>=2.0->distorch==0.1.2) (12.8.90)
Requirement already satisfied: nvidia-nvjitlink-cu12==12.8.93 in /home/scur1007/.conda/envs/ai4mi_env/lib/python3.11/site-packages (from torch>=2.0->distorch==0.1.2) (12.8.93)
Requirement already satisfied: nvidia-cufile-cu12==1.13.1.3 in /home/scur1007/.conda/envs/ai4mi_env/lib/python3.11/site-packages (from torch>=2.0->distorch==0.1.2) (1.13.1.3)
Requirement already satisfied: triton==3.4.0 in /home/scur1007/.conda/envs/ai4mi_env/lib/python3.11/site-packages (from torch>=2.0->distorch==0.1.2) (3.4.0)
Requirement already satisfied: setuptools>=40.8.0 in /home/scur1007/.conda/envs/ai4mi_env/lib/python3.11/site-packages (from triton==3.4.0->torch>=2.0->distorch==0.1.2) (78.1.1)
Requirement already satisfied: mpmath<1.4,>=1.1.0 in /home/scur1007/.conda/envs/ai4mi_env/lib/python3.11/site-packages (from sympy>=1.13.3->torch>=2.0->distorch==0.1.2) (1.3.0)
Requirement already satisfied: MarkupSafe>=2.0 in /home/scur1007/.conda/envs/ai4mi_env/lib/python3.11/site-packages (from jinja2->torch>=2.0->distorch==0.1.2) (3.0.3)
Building wheels for collected packages: distorch
  Building wheel for distorch (pyproject.toml): started
  Building wheel for distorch (pyproject.toml): finished with status 'done'
  Created wheel for distorch: filename=distorch-0.1.2-py3-none-any.whl size=15476 sha256=9bcaf337730368ff3d77232c76a197120133009478be15ef9237abf4d877893d
  Stored in directory: /gpfs/scratch1/nodespecific/gcn4/scur1007.15132082/pip-ephem-wheel-cache-99_zzcch/wheels/ee/6c/37/c2e6a267bb9b0effce4023658af038d2f611ccb4e7d068f930
Successfully built distorch
Installing collected packages: distorch
Successfully installed distorch-0.1.2

JOB STATISTICS
==============
Job ID: 15132082
Cluster: snellius
User/Group: scur1007/scur1007
State: RUNNING
Nodes: 1
Cores per node: 9
CPU Utilized: 00:00:00
CPU Efficiency: 0.00% of 00:02:24 core-walltime
Job Wall-clock time: 00:00:16
Memory Utilized: 0.00 MB
Memory Efficiency: 0.00% of 60.00 GB (60.00 GB/node)
WARNING: Efficiency statistics can only be obtained after the job has ended as seff tool is based on the accounting database data.
