============================================================================================== 
Warning! Mixing Conda and module environments may lead to corruption of the
user environment. 
We do not recommend users mixing those two environments unless absolutely
necessary. Note that 
SURF does not provide any support for Conda environment.
For more information, please refer to our software policy page:
https://servicedesk.surf.nl/wiki/display/WIKI/Software+policy+Snellius#SoftwarepolicySnellius-UseofAnacondaandMinicondaenvironmentsonSnellius 

Remember that many packages have already been installed on the system and can
be loaded using 
the 'module load <package__name>' command. If you are uncertain if a package is
already available 
on the system, please use 'module avail' or 'module spider' to search for it.
============================================================================================== 
python: can't open file '/gpfs/home3/scur1049/ai4mi_project/sabotage.py': [Errno 2] No such file or directory
mv: cannot stat 'data/segthor_fixed_tmp': No such file or directory
Namespace(source_dir='data/seghtor_fixed', dest_dir='data/SEGTHOR_CLEAN_tmp', shape=[256, 256], retains=5, seed=0, fold=0, process=-1)
Founds 0 in the id list
[]
Founds 0 test ids
[]
Slicing 0 pairs to data/SEGTHOR_CLEAN_tmp/train
|          | 0/0 [?it/s]Slicing 0 pairs to data/SEGTHOR_CLEAN_tmp/val

|          | 0/0 [?it/s][A|          | 0/0 [?it/s]
Slicing 0 pairs to data/SEGTHOR_CLEAN_tmp/test
|          | 0/0 [?it/s]|          | 0/0 [?it/s]
Traceback (most recent call last):
  File "/gpfs/home3/scur1049/ai4mi_project/slice_segthor.py", line 222, in <module>
    main(get_args())
  File "/gpfs/home3/scur1049/ai4mi_project/slice_segthor.py", line 197, in main
    with open(dest_path / "spacing.pkl", 'wb') as f:
         ^^^^^^^^^^^^^^^^^^^^^^^^^^^^^^^^^^^^^
FileNotFoundError: [Errno 2] No such file or directory: 'data/SEGTHOR_CLEAN_tmp/spacing.pkl'
|          | 0/0 [?it/s]
mv: cannot stat 'data/SEGTHOR_CLEAN_tmp': No such file or directory

JOB STATISTICS
==============
Job ID: 15070956
Cluster: snellius
User/Group: scur1049/scur1049
State: FAILED (exit code 1)
Nodes: 1
Cores per node: 16
CPU Utilized: 00:00:12
CPU Efficiency: 1.60% of 00:12:32 core-walltime
Job Wall-clock time: 00:00:47
Memory Utilized: 91.89 MB
Memory Efficiency: 0.14% of 64.00 GB (64.00 GB/node)
