============================================================================================== 
Warning! Mixing Conda and module environments may lead to corruption of the
user environment. 
We do not recommend users mixing those two environments unless absolutely
necessary. Note that 
SURF does not provide any support for Conda environment.
For more information, please refer to our software policy page:
https://servicedesk.surf.nl/wiki/display/WIKI/Software+policy+Snellius#SoftwarepolicySnellius-UseofAnacondaandMinicondaenvironmentsonSnellius 

Remember that many packages have already been installed on the system and can
be loaded using 
the 'module load <package__name>' command. If you are uncertain if a package is
already available 
on the system, please use 'module avail' or 'module spider' to search for it.
============================================================================================== 
AFF=array([[  0.89100652,   0.4539905 ,   0.        ,   1.8850521 ],
       [ -0.4539905 ,   0.89100652,   0.        , 159.58681857],
       [  0.        ,   0.        ,   1.        ,  15.        ],
       [  0.        ,   0.        ,   0.        ,   1.        ]])
RO=array([[ 0.89100652,  0.4539905 ,  0.        ,  0.        ],
       [-0.4539905 ,  0.89100652,  0.        ,  0.        ],
       [ 0.        ,  0.        ,  1.        ,  0.        ],
       [ 0.        ,  0.        ,  0.        ,  1.        ]])
AFF=array([[  0.89100652,   0.4539905 ,   0.        ,   1.8850521 ],
       [ -0.4539905 ,   0.89100652,   0.        , 159.58681857],
       [  0.        ,   0.        ,   1.        ,  15.        ],
       [  0.        ,   0.        ,   0.        ,   1.        ]])
INV=array([[   0.89100652,   -0.4539905 ,    0.        ,   70.7713058 ],
       [   0.4539905 ,    0.89100652,    0.        , -143.04869227],
       [   0.        ,    0.        ,    1.        ,  -15.        ],
       [   0.        ,    0.        ,    0.        ,    1.        ]])
Namespace(source_dir=PosixPath('data/segthor_train'), dest_dir=PosixPath('data/segthor_fixed_tmp'), K=2, regex_gt='GT.nii.gz', process=4, mode='inv', discard_orig_aff=False)
[PosixPath('data/segthor_train/train/Patient_38/Patient_38.nii.gz'),
 PosixPath('data/segthor_train/train/Patient_38/GT.nii.gz'),
 PosixPath('data/segthor_train/train/Patient_19/GT.nii.gz'),
 PosixPath('data/segthor_train/train/Patient_19/Patient_19.nii.gz'),
 PosixPath('data/segthor_train/train/Patient_37/GT.nii.gz'),
 PosixPath('data/segthor_train/train/Patient_37/Patient_37.nii.gz'),
 PosixPath('data/segthor_train/train/Patient_27/GT2.nii.gz'),
 PosixPath('data/segthor_train/train/Patient_27/Patient_27.nii.gz'),
 PosixPath('data/segthor_train/train/Patient_27/GT.nii.gz'),
 PosixPath('data/segthor_train/train/Patient_31/GT.nii.gz'),
 PosixPath('data/segthor_train/train/Patient_31/Patient_31.nii.gz'),
 PosixPath('data/segthor_train/train/Patient_26/GT.nii.gz'),
 PosixPath('data/segthor_train/train/Patient_26/Patient_26.nii.gz'),
 PosixPath('data/segthor_train/train/Patient_18/Patient_18.nii.gz'),
 PosixPath('data/segthor_train/train/Patient_18/GT.nii.gz'),
 PosixPath('data/segthor_train/train/Patient_30/Patient_30.nii.gz'),
 PosixPath('data/segthor_train/train/Patient_30/GT.nii.gz'),
 PosixPath('data/segthor_train/train/Patient_08/Patient_08.nii.gz'),
 PosixPath('data/segthor_train/train/Patient_08/GT.nii.gz'),
 PosixPath('data/segthor_train/train/Patient_07/Patient_07.nii.gz'),
 PosixPath('data/segthor_train/train/Patient_07/GT.nii.gz'),
 PosixPath('data/segthor_train/train/Patient_23/GT.nii.gz'),
 PosixPath('data/segthor_train/train/Patient_23/Patient_23.nii.gz'),
 PosixPath('data/segthor_train/train/Patient_21/Patient_21.nii.gz'),
 PosixPath('data/segthor_train/train/Patient_21/GT.nii.gz'),
 PosixPath('data/segthor_train/train/Patient_02/Patient_02.nii.gz'),
 PosixPath('data/segthor_train/train/Patient_02/GT.nii.gz'),
 PosixPath('data/segthor_train/train/Patient_15/GT.nii.gz'),
 PosixPath('data/segthor_train/train/Patient_15/Patient_15.nii.gz'),
 PosixPath('data/segthor_train/train/Patient_13/Patient_13.nii.gz'),
 PosixPath('data/segthor_train/train/Patient_13/GT.nii.gz'),
 PosixPath('data/segthor_train/train/Patient_09/GT.nii.gz'),
 PosixPath('data/segthor_train/train/Patient_09/Patient_09.nii.gz'),
 PosixPath('data/segthor_train/train/Patient_20/Patient_20.nii.gz'),
 PosixPath('data/segthor_train/train/Patient_20/GT.nii.gz'),
 PosixPath('data/segthor_train/train/Patient_24/Patient_24.nii.gz'),
 PosixPath('data/segthor_train/train/Patient_24/GT.nii.gz'),
 PosixPath('data/segthor_train/train/Patient_33/GT.nii.gz'),
 PosixPath('data/segthor_train/train/Patient_33/Patient_33.nii.gz'),
 PosixPath('data/segthor_train/train/Patient_32/Patient_32.nii.gz'),
 PosixPath('data/segthor_train/train/Patient_32/GT.nii.gz'),
 PosixPath('data/segthor_train/train/Patient_28/GT.nii.gz'),
 PosixPath('data/segthor_train/train/Patient_28/Patient_28.nii.gz'),
 PosixPath('data/segthor_train/train/Patient_01/GT.nii.gz'),
 PosixPath('data/segthor_train/train/Patient_01/Patient_01.nii.gz'),
 PosixPath('data/segthor_train/train/Patient_40/Patient_40.nii.gz'),
 PosixPath('data/segthor_train/train/Patient_40/GT.nii.gz'),
 PosixPath('data/segthor_train/train/Patient_03/Patient_03.nii.gz'),
 PosixPath('data/segthor_train/train/Patient_03/GT.nii.gz'),
 PosixPath('data/segthor_train/train/Patient_29/Patient_29.nii.gz'),
 PosixPath('data/segthor_train/train/Patient_29/GT.nii.gz'),
 PosixPath('data/segthor_train/train/Patient_36/Patient_36.nii.gz'),
 PosixPath('data/segthor_train/train/Patient_36/GT.nii.gz'),
 PosixPath('data/segthor_train/train/Patient_35/GT.nii.gz'),
 PosixPath('data/segthor_train/train/Patient_35/Patient_35.nii.gz'),
 PosixPath('data/segthor_train/train/Patient_11/GT.nii.gz'),
 PosixPath('data/segthor_train/train/Patient_11/Patient_11.nii.gz'),
 PosixPath('data/segthor_train/train/Patient_06/GT.nii.gz'),
 PosixPath('data/segthor_train/train/Patient_06/Patient_06.nii.gz'),
 PosixPath('data/segthor_train/train/Patient_10/Patient_10.nii.gz'),
 PosixPath('data/segthor_train/train/Patient_10/GT.nii.gz'),
 PosixPath('data/segthor_train/train/Patient_05/GT.nii.gz'),
 PosixPath('data/segthor_train/train/Patient_05/Patient_05.nii.gz'),
 PosixPath('data/segthor_train/train/Patient_22/Patient_22.nii.gz'),
 PosixPath('data/segthor_train/train/Patient_22/GT.nii.gz'),
 PosixPath('data/segthor_train/train/Patient_39/Patient_39.nii.gz'),
 PosixPath('data/segthor_train/train/Patient_39/GT.nii.gz'),
 PosixPath('data/segthor_train/train/Patient_16/Patient_16.nii.gz'),
 PosixPath('data/segthor_train/train/Patient_16/GT.nii.gz'),
 PosixPath('data/segthor_train/train/Patient_25/GT.nii.gz'),
 PosixPath('data/segthor_train/train/Patient_25/Patient_25.nii.gz'),
 PosixPath('data/segthor_train/train/Patient_17/GT.nii.gz'),
 PosixPath('data/segthor_train/train/Patient_17/Patient_17.nii.gz'),
 PosixPath('data/segthor_train/train/Patient_14/GT.nii.gz'),
 PosixPath('data/segthor_train/train/Patient_14/Patient_14.nii.gz'),
 PosixPath('data/segthor_train/train/Patient_04/GT.nii.gz'),
 PosixPath('data/segthor_train/train/Patient_04/Patient_04.nii.gz'),
 PosixPath('data/segthor_train/train/Patient_34/Patient_34.nii.gz'),
 PosixPath('data/segthor_train/train/Patient_34/GT.nii.gz'),
 PosixPath('data/segthor_train/train/Patient_12/Patient_12.nii.gz'),
 PosixPath('data/segthor_train/train/Patient_12/GT.nii.gz')]
  0%|          | 0/81 [?it/s]100%|██████████| 81/81 [2500.30it/s]
Namespace(source_dir='data/segthor_fixed', dest_dir='data/SEGTHOR_CLEAN_tmp', shape=[256, 256], retains=10, seed=0, fold=0, process=-1)
Founds 40 in the id list
['Patient_01', 'Patient_02', 'Patient_03', 'Patient_04', 'Patient_05', 'Patient_06', 'Patient_07', 'Patient_08', 'Patient_09', 'Patient_10']
Founds 0 test ids
[]
Slicing 30 pairs to data/SEGTHOR_CLEAN_tmp/train
  0%|          | 0/30 [?it/s]  3%|▎         | 1/30 [ 1.78it/s]100%|██████████| 30/30 [53.22it/s]
Slicing 10 pairs to data/SEGTHOR_CLEAN_tmp/val
  0%|          | 0/10 [?it/s] 10%|█         | 1/10 [ 2.29it/s]100%|██████████| 10/10 [22.85it/s]
Slicing 0 pairs to data/SEGTHOR_CLEAN_tmp/test
|          | 0/0 [?it/s]|          | 0/0 [?it/s]
Saved spacing dictionnary to <_io.BufferedWriter name='data/SEGTHOR_CLEAN_tmp/spacing.pkl'>

JOB STATISTICS
==============
Job ID: 15073455
Cluster: snellius
User/Group: scur1049/scur1049
State: RUNNING
Nodes: 1
Cores per node: 9
CPU Utilized: 00:00:00
CPU Efficiency: 0.00% of 00:12:36 core-walltime
Job Wall-clock time: 00:01:24
Memory Utilized: 0.00 MB
Memory Efficiency: 0.00% of 60.00 GB (60.00 GB/node)
WARNING: Efficiency statistics can only be obtained after the job has ended as seff tool is based on the accounting database data.
